============================================================
TESTING ALL ML MODULES
============================================================

--- UPI Fraud ---
Model loaded successfully
  Low risk test (Rs100 P2P afternoon): fraud_prob=0.00028888366068713367, risk=LOW
  High risk test (Rs20L P2P night): fraud_prob=0.95, risk=CRITICAL

--- Credit Card ---
Credit Card Model loaded successfully
  Low risk test (Rs50 grocery): fraud_prob=0.0, risk=LOW
  High risk test ($500K intl electronics night): fraud_prob=0.09217666016553293, risk=LOW

--- Loan Default ---
Prediction error: columns are missing: {'loan_percent_income', 'person_income', 'person_emp_length'}
  ERROR: 'person_income'

--- Insurance Fraud ---
Insurance autoencoder model loaded successfully.
  Low risk test (small claim, old policy): fraud_prob=0.0204520090770504, risk=LOW
  High risk test (huge claim, new policy): fraud_prob=1.0, risk=CRITICAL

--- Click Fraud ---
  ERROR: 'charmap' codec can't encode character '\U0001f504' in position 0: character maps to <undefined>

--- Fake News ---
  ERROR: Models not found in ./models

--- Spam Email ---
  ERROR: cannot import name 'SpamEmailDetector' from 'ml_modules.spam_email.predict' (C:\Users\noore\OneDrive\Desktop\New folder\ml_modules\spam_email\predict.py)

--- Phishing URL ---
  ERROR: cannot import name 'PhishingURLDetector' from 'ml_modules.phishing_url.predict' (C:\Users\noore\OneDrive\Desktop\New folder\ml_modules\phishing_url\predict.py)

--- Fake Profile ---
  ERROR: No module named 'torch_geometric'

--- Document Forgery ---
  ERROR: No module named 'tensorflow'

--- Brand Abuse ---
Model file brand_abuse_model.pkl not found.
  Low risk test (real site): result keys=['is_brand_abuse', 'abuse_probability', 'risk_level', 'confidence', 'indicators']
    abuse_prob=0.1, risk=LOW
  High risk test (fake site): abuse_prob=0.0, risk=LOW

============================================================
TESTING COMPLETE
============================================================
